2026-07-30 01:33:45 STEP import 1/11: ZEROTH01_ROUND_V1_CHEST_FRONT.step
2026-07-30 01:33:45 STEP import 2/11: ZEROTH01_ROUND_V1_CHEST_BACK.step
2026-07-30 01:33:46 STEP import 3/11: ZEROTH01_ROUND_V1_HEAD_FRONT.step
2026-07-30 01:33:47 STEP import 4/11: ZEROTH01_ROUND_V1_HEAD_BACK.step
2026-07-30 01:33:47 STEP import 5/11: ZEROTH01_ROUND_V1_PELVIS_FRONT.step
2026-07-30 01:33:48 STEP import 6/11: ZEROTH01_ROUND_V1_PELVIS_BACK.step
2026-07-30 01:33:49 STEP import 7/11: ZEROTH01_ROUND_V1_MUZZLE_BADGE.step
2026-07-30 01:33:50 STEP import 8/11: ZEROTH01_ROUND_V1_VISOR_BADGE.step
2026-07-30 01:33:50 STEP import 9/11: ZEROTH01_ROUND_V1_LEFT_SOLE.step
2026-07-30 01:33:54 STEP import 10/11: ZEROTH01_ROUND_V1_RIGHT_SOLE.step
2026-07-30 01:33:58 STEP import 11/11: STS3250
2026-07-30 01:33:59 link component 1/17: Torso
2026-07-30 01:34:03 link component 2/17: ankle_pitch_left
2026-07-30 01:34:04 link component 3/17: ankle_pitch_right
2026-07-30 01:34:06 link component 4/17: foot_left
2026-07-30 01:34:07 link component 5/17: foot_right
2026-07-30 01:34:09 link component 6/17: hand_right
2026-07-30 01:34:10 link component 7/17: hip_roll_left
2026-07-30 01:34:12 link component 8/17: hip_roll_right
2026-07-30 01:34:14 link component 9/17: hip_yaw_left
2026-07-30 01:34:15 link component 10/17: hip_yaw_right
2026-07-30 01:34:17 link component 11/17: knee_pitch_right
2026-07-30 01:34:19 link component 12/17: knee_pitch_right_2
2026-07-30 01:34:20 link component 13/17: Left_Hand
2026-07-30 01:34:22 link component 14/17: left_shoulder_yaw_motor
2026-07-30 01:34:24 link component 15/17: right_shoulder_yaw_motor
2026-07-30 01:34:26 link component 16/17: shoulder_yaw_left
2026-07-30 01:34:28 link component 17/17: shoulder_yaw_right
2026-07-30 01:34:29 round overlay 1/10: ROUND_CHEST_FRONT
2026-07-30 01:34:31 round overlay 2/10: ROUND_CHEST_BACK
2026-07-30 01:34:32 round overlay 3/10: ROUND_HEAD_FRONT
2026-07-30 01:34:34 round overlay 4/10: ROUND_HEAD_BACK
2026-07-30 01:34:35 round overlay 5/10: ROUND_PELVIS_FRONT
2026-07-30 01:34:36 round overlay 6/10: ROUND_PELVIS_BACK
2026-07-30 01:34:38 round overlay 7/10: ROUND_MUZZLE
2026-07-30 01:34:39 round overlay 8/10: ROUND_VISOR
2026-07-30 01:34:41 round overlay 9/10: ROUND_LEFT_SOLE
2026-07-30 01:34:42 round overlay 10/10: ROUND_RIGHT_SOLE
2026-07-30 01:34:44 STS3250 component 1/16: right_shoulder_pitch
2026-07-30 01:34:45 STS3250 component 2/16: left_shoulder_pitch
2026-07-30 01:34:46 STS3250 component 3/16: right_shoulder_yaw
2026-07-30 01:34:46 STS3250 component 4/16: right_hip_pitch
2026-07-30 01:34:47 STS3250 component 5/16: left_hip_pitch
2026-07-30 01:34:47 STS3250 component 6/16: left_shoulder_yaw
2026-07-30 01:34:48 STS3250 component 7/16: right_hip_yaw
2026-07-30 01:34:48 STS3250 component 8/16: left_hip_yaw
2026-07-30 01:34:48 STS3250 component 9/16: right_elbow_yaw
2026-07-30 01:34:49 STS3250 component 10/16: left_elbow_yaw
2026-07-30 01:34:49 STS3250 component 11/16: right_hip_roll
2026-07-30 01:34:50 STS3250 component 12/16: left_hip_roll
2026-07-30 01:34:50 STS3250 component 13/16: right_knee_pitch
2026-07-30 01:34:51 STS3250 component 14/16: left_knee_pitch
2026-07-30 01:34:51 STS3250 component 15/16: right_ankle_pitch
2026-07-30 01:34:51 STS3250 component 16/16: left_ankle_pitch
2026-07-30 01:35:32 refresh-only: reused 48-row transform sweep and motion GIF; attachment transforms/topology are unchanged
