2026-07-31 02:30:03 closed task-owned round assemblies/parts before forced STEP import
2026-07-31 02:30:03 STEP import 1/25: ZEROTH01_ROUND_V1_CHEST_FRONT.step
2026-07-31 02:30:04 STEP import 2/25: ZEROTH01_ROUND_V1_CHEST_BACK.step
2026-07-31 02:30:05 STEP import 3/25: ZEROTH01_ROUND_V3_HEAD_FRONT.step
2026-07-31 02:30:06 STEP import 4/25: ZEROTH01_ROUND_V3_HEAD_BACK.step
2026-07-31 02:30:07 STEP import 5/25: ZEROTH01_ROUND_V1_PELVIS_FRONT.step
2026-07-31 02:30:08 STEP import 6/25: ZEROTH01_ROUND_V1_PELVIS_BACK.step
2026-07-31 02:30:09 STEP import 7/25: ZEROTH01_ROUND_V3_FACE_UI.step
2026-07-31 02:30:10 STEP import 8/25: ZEROTH01_ROUND_V3_VISOR.step
2026-07-31 02:30:11 STEP import 9/25: ZEROTH01_ROUND_V3_CAMERA_SENSOR_WINDOWS.step
2026-07-31 02:30:13 STEP import 10/25: ZEROTH01_ROUND_V1_TORSO_SPINE.step
2026-07-31 02:30:14 STEP import 11/25: ZEROTH01_ROUND_V3_WAVESHARE_4_3_DSI_DISPLAY.step
2026-07-31 02:30:15 STEP import 12/25: ZEROTH01_ROUND_V1_CAMERA_MODULE.step
2026-07-31 02:30:16 STEP import 13/25: ZEROTH01_ROUND_V2_TOF_MODULE.step
2026-07-31 02:30:17 STEP import 14/25: ZEROTH01_ROUND_V1_IMU_MODULE.step
2026-07-31 02:30:18 STEP import 15/25: ZEROTH01_ROUND_V1_COMPUTE_MODULE.step
2026-07-31 02:30:19 STEP import 16/25: ZEROTH01_ROUND_V1_BATTERY_PACK.step
2026-07-31 02:30:20 STEP import 17/25: ZEROTH01_ROUND_V3_RIGHT_UPPER_ARM_SLEEVE.step
2026-07-31 02:30:21 STEP import 18/25: ZEROTH01_ROUND_V3_LEFT_UPPER_ARM_SLEEVE.step
2026-07-31 02:30:22 STEP import 19/25: ZEROTH01_ROUND_V3_RIGHT_FOREARM_SLEEVE.step
2026-07-31 02:30:23 STEP import 20/25: ZEROTH01_ROUND_V3_LEFT_FOREARM_SLEEVE.step
2026-07-31 02:30:24 STEP import 21/25: ZEROTH01_ROUND_V3_RIGHT_CHIBI_HAND.step
2026-07-31 02:30:25 STEP import 22/25: ZEROTH01_ROUND_V3_LEFT_CHIBI_HAND.step
2026-07-31 02:30:26 STEP import 23/25: ZEROTH01_ROUND_V1_LEFT_SOLE.step
2026-07-31 02:30:27 STEP import 24/25: ZEROTH01_ROUND_V1_RIGHT_SOLE.step
2026-07-31 02:30:29 STEP import 25/25: blue STS3250-C001 diagnostic review part
2026-07-31 02:30:30 link component 1/17: Torso
2026-07-31 02:30:34 link component 2/17: ankle_pitch_left
2026-07-31 02:30:35 link component 3/17: ankle_pitch_right
2026-07-31 02:30:36 link component 4/17: foot_left
2026-07-31 02:30:37 link component 5/17: foot_right
2026-07-31 02:30:38 link component 6/17: hand_right
2026-07-31 02:30:39 link component 7/17: hip_roll_left
2026-07-31 02:30:41 link component 8/17: hip_roll_right
2026-07-31 02:30:42 link component 9/17: hip_yaw_left
2026-07-31 02:30:43 link component 10/17: hip_yaw_right
2026-07-31 02:30:44 link component 11/17: knee_pitch_right
2026-07-31 02:30:46 link component 12/17: knee_pitch_right_2
2026-07-31 02:30:47 link component 13/17: Left_Hand
2026-07-31 02:30:48 link component 14/17: left_shoulder_yaw_motor
2026-07-31 02:30:50 link component 15/17: right_shoulder_yaw_motor
2026-07-31 02:30:51 link component 16/17: shoulder_yaw_left
2026-07-31 02:30:52 link component 17/17: shoulder_yaw_right
2026-07-31 02:30:54 round overlay 1/24: ROUND_CHEST_FRONT
2026-07-31 02:30:55 round overlay 2/24: ROUND_CHEST_BACK
2026-07-31 02:30:56 round overlay 3/24: ROUND_HEAD_FRONT
2026-07-31 02:30:56 round overlay 4/24: ROUND_HEAD_BACK
2026-07-31 02:30:57 round overlay 5/24: ROUND_PELVIS_FRONT
2026-07-31 02:30:58 round overlay 6/24: ROUND_PELVIS_BACK
2026-07-31 02:30:59 round overlay 7/24: ROUND_FACE_UI
2026-07-31 02:31:00 round overlay 8/24: ROUND_VISOR
2026-07-31 02:31:01 round overlay 9/24: ROUND_CAMERA_LENSES
2026-07-31 02:31:02 round overlay 10/24: ROUND_TORSO_SPINE
2026-07-31 02:31:03 round overlay 11/24: ROUND_EYE_DISPLAY_MODULE
2026-07-31 02:31:04 round overlay 12/24: ROUND_CAMERA_MODULE
2026-07-31 02:31:05 round overlay 13/24: ROUND_TOF_MODULE
2026-07-31 02:31:06 round overlay 14/24: ROUND_IMU_MODULE
2026-07-31 02:31:07 round overlay 15/24: ROUND_COMPUTE_MODULE
2026-07-31 02:31:08 round overlay 16/24: ROUND_BATTERY_PACK
2026-07-31 02:31:09 round overlay 17/24: ROUND_RIGHT_UPPER_ARM_SLEEVE
2026-07-31 02:31:10 round overlay 18/24: ROUND_LEFT_UPPER_ARM_SLEEVE
2026-07-31 02:31:11 round overlay 19/24: ROUND_RIGHT_FOREARM_SLEEVE
2026-07-31 02:31:12 round overlay 20/24: ROUND_LEFT_FOREARM_SLEEVE
2026-07-31 02:31:13 round overlay 21/24: ROUND_RIGHT_CHIBI_HAND
2026-07-31 02:31:13 round overlay 22/24: ROUND_LEFT_CHIBI_HAND
2026-07-31 02:31:14 round overlay 23/24: ROUND_LEFT_SOLE
2026-07-31 02:31:15 round overlay 24/24: ROUND_RIGHT_SOLE
2026-07-31 02:31:16 blue diagnostic servo 1/16: S01 right_shoulder_pitch
2026-07-31 02:31:17 blue diagnostic servo 2/16: S02 left_shoulder_pitch
2026-07-31 02:31:17 blue diagnostic servo 3/16: S03 right_shoulder_yaw
2026-07-31 02:31:17 blue diagnostic servo 4/16: S04 right_hip_pitch
2026-07-31 02:31:17 blue diagnostic servo 5/16: S05 left_hip_pitch
2026-07-31 02:31:18 blue diagnostic servo 6/16: S06 left_shoulder_yaw
2026-07-31 02:31:18 blue diagnostic servo 7/16: S07 right_hip_yaw
2026-07-31 02:31:18 blue diagnostic servo 8/16: S08 left_hip_yaw
2026-07-31 02:31:18 blue diagnostic servo 9/16: S09 right_elbow_yaw
2026-07-31 02:31:18 blue diagnostic servo 10/16: S10 left_elbow_yaw
2026-07-31 02:31:18 blue diagnostic servo 11/16: S11 right_hip_roll
2026-07-31 02:31:18 blue diagnostic servo 12/16: S12 left_hip_roll
2026-07-31 02:31:18 blue diagnostic servo 13/16: S13 right_knee_pitch
2026-07-31 02:31:18 blue diagnostic servo 14/16: S14 left_knee_pitch
2026-07-31 02:31:18 blue diagnostic servo 15/16: S15 right_ankle_pitch
2026-07-31 02:31:18 blue diagnostic servo 16/16: S16 left_ankle_pitch
2026-07-31 02:32:07 refresh-only: reused the current 48-row transform/transmission sweeps and motion GIF
