2026-08-07 01:12:36 SolidWorks attached through existing COM local server
2026-08-07 01:13:40 SolidWorks attached through existing COM local server
2026-08-07 01:14:01 SolidWorks attached through existing COM local server
2026-08-07 01:14:07 SolidWorks attached through existing COM local server
2026-08-07 01:14:13 SolidWorks attached through existing COM local server
2026-08-07 01:14:19 SolidWorks attached through existing COM local server
2026-08-07 01:14:24 SolidWorks attached through existing COM local server
2026-08-07 01:14:31 SolidWorks attached through existing COM local server
2026-08-07 01:14:37 SolidWorks attached through existing COM local server
2026-08-07 01:14:44 SolidWorks attached through existing COM local server
2026-08-07 01:14:49 SolidWorks attached through existing COM local server
2026-08-07 01:14:55 SolidWorks attached through existing COM local server
2026-08-07 01:15:01 SolidWorks attached through existing COM local server
2026-08-07 01:15:20 SolidWorks attached through existing COM local server
2026-08-07 01:15:21 assembly component 1/51: CARRIER_Z_BOT2_MASTER_BODY_SKELETON
2026-08-07 01:15:22 assembly component 2/51: CARRIER_Z_BOT2_MASTER_SHOULDER2
2026-08-07 01:15:23 assembly component 3/51: CARRIER_Z_BOT2_MASTER_SHOULDER2_2
2026-08-07 01:15:24 assembly component 4/51: CARRIER_3215_1Flange
2026-08-07 01:15:25 assembly component 5/51: CARRIER_3215_1Flange_2
2026-08-07 01:15:26 assembly component 6/51: CARRIER_R_ARM_MIRROR_1
2026-08-07 01:15:27 assembly component 7/51: CARRIER_L_ARM_MIRROR_1
2026-08-07 01:15:28 assembly component 8/51: CARRIER_U_HIP_L
2026-08-07 01:15:29 assembly component 9/51: CARRIER_U_HIP_R
2026-08-07 01:15:30 assembly component 10/51: CARRIER_3215_BothFlange_5
2026-08-07 01:15:31 assembly component 11/51: CARRIER_3215_BothFlange_6
2026-08-07 01:15:32 assembly component 12/51: CARRIER_3215_BothFlange_9
2026-08-07 01:15:33 assembly component 13/51: CARRIER_3215_BothFlange_10
2026-08-07 01:15:34 assembly component 14/51: CARRIER_3215_BothFlange_13
2026-08-07 01:15:35 assembly component 15/51: CARRIER_3215_BothFlange_14
2026-08-07 01:15:36 assembly component 16/51: CARRIER_FOOT
2026-08-07 01:15:36 assembly component 17/51: CARRIER_FOOT_2
2026-08-07 01:15:38 assembly component 18/51: LEFT_Q_HAND
2026-08-07 01:15:40 assembly component 19/51: RIGHT_Q_HAND
2026-08-07 01:15:42 assembly component 20/51: V2_COMPUTE_MODULE
2026-08-07 01:15:44 assembly component 21/51: V2_BATTERY_PACK
2026-08-07 01:15:46 assembly component 22/51: V2_TORSO_IMU
2026-08-07 01:15:48 assembly component 23/51: M5STACK_STACKCHAN_K151_PURCHASED_HEAD_POD
2026-08-07 01:15:49 assembly component 24/51: STACKCHAN_K151_TORSO_ADAPTER_3MM_6061
2026-08-07 01:15:50 assembly component 25/51: STACKCHAN_K151_FACE_GLASS
2026-08-07 01:15:51 assembly component 26/51: STACKCHAN_K151_CAMERA_WINDOW
2026-08-07 01:15:51 assembly component 27/51: STACKCHAN_K151_SCREEN_EXPRESSION
2026-08-07 01:15:52 assembly component 28/51: S06_STS3250_left_shoulder_yaw
2026-08-07 01:15:53 assembly component 29/51: S03_STS3250_right_shoulder_yaw
2026-08-07 01:15:53 assembly component 30/51: S02_STS3250_left_shoulder_pitch
2026-08-07 01:15:53 assembly component 31/51: S01_STS3250_right_shoulder_pitch
2026-08-07 01:15:53 assembly component 32/51: S10_STS3250_left_elbow_yaw
2026-08-07 01:15:53 assembly component 33/51: S09_STS3250_right_elbow_yaw
2026-08-07 01:15:53 assembly component 34/51: S08_STS3250_left_hip_yaw
2026-08-07 01:15:53 assembly component 35/51: S07_STS3250_right_hip_yaw
2026-08-07 01:15:54 assembly component 36/51: S12_STS3250_left_hip_roll
2026-08-07 01:15:54 assembly component 37/51: S11_STS3250_right_hip_roll
2026-08-07 01:15:54 assembly component 38/51: S05_STS3250_left_hip_pitch
2026-08-07 01:15:54 assembly component 39/51: S04_STS3250_right_hip_pitch
2026-08-07 01:15:54 assembly component 40/51: S14_STS3250_left_knee_pitch
2026-08-07 01:15:54 assembly component 41/51: S13_STS3250_right_knee_pitch
2026-08-07 01:15:54 assembly component 42/51: S16_STS3250_left_ankle_pitch
2026-08-07 01:15:54 assembly component 43/51: S15_STS3250_right_ankle_pitch
2026-08-07 01:15:54 assembly component 44/51: S18_STS3250_left_ankle_roll
2026-08-07 01:15:54 assembly component 45/51: S17_STS3250_right_ankle_roll
2026-08-07 01:15:54 assembly component 46/51: LEFT_ANKLE_ROLL_CARRIER
2026-08-07 01:15:55 assembly component 47/51: LEFT_ANKLE_ROLL_HORN
2026-08-07 01:15:56 assembly component 48/51: LEFT_9MM_LIGHTWEIGHT_SOLE
2026-08-07 01:15:57 assembly component 49/51: RIGHT_ANKLE_ROLL_CARRIER
2026-08-07 01:15:58 assembly component 50/51: RIGHT_ANKLE_ROLL_HORN
2026-08-07 01:15:58 assembly component 51/51: RIGHT_9MM_LIGHTWEIGHT_SOLE
2026-08-07 01:21:13 SolidWorks attached through existing COM local server
2026-08-07 01:21:29 SolidWorks attached through existing COM local server
2026-08-07 01:21:34 SolidWorks attached through existing COM local server
2026-08-07 01:21:38 SolidWorks attached through existing COM local server
2026-08-07 01:21:43 SolidWorks attached through existing COM local server
2026-08-07 01:21:44 assembly component 1/51: CARRIER_Z_BOT2_MASTER_BODY_SKELETON
2026-08-07 01:21:45 assembly component 2/51: CARRIER_Z_BOT2_MASTER_SHOULDER2
2026-08-07 01:21:46 assembly component 3/51: CARRIER_Z_BOT2_MASTER_SHOULDER2_2
2026-08-07 01:21:47 assembly component 4/51: CARRIER_3215_1Flange
2026-08-07 01:21:48 assembly component 5/51: CARRIER_3215_1Flange_2
2026-08-07 01:21:49 assembly component 6/51: CARRIER_R_ARM_MIRROR_1
2026-08-07 01:21:50 assembly component 7/51: CARRIER_L_ARM_MIRROR_1
2026-08-07 01:21:51 assembly component 8/51: CARRIER_U_HIP_L
2026-08-07 01:21:52 assembly component 9/51: CARRIER_U_HIP_R
2026-08-07 01:21:53 assembly component 10/51: CARRIER_3215_BothFlange_5
2026-08-07 01:21:54 assembly component 11/51: CARRIER_3215_BothFlange_6
2026-08-07 01:21:55 assembly component 12/51: CARRIER_3215_BothFlange_9
2026-08-07 01:21:56 assembly component 13/51: CARRIER_3215_BothFlange_10
2026-08-07 01:21:57 assembly component 14/51: CARRIER_3215_BothFlange_13
2026-08-07 01:21:57 assembly component 15/51: CARRIER_3215_BothFlange_14
2026-08-07 01:21:58 assembly component 16/51: CARRIER_FOOT
2026-08-07 01:21:59 assembly component 17/51: CARRIER_FOOT_2
2026-08-07 01:22:00 assembly component 18/51: LEFT_Q_HAND
2026-08-07 01:22:02 assembly component 19/51: RIGHT_Q_HAND
2026-08-07 01:22:05 assembly component 20/51: V2_COMPUTE_MODULE
2026-08-07 01:22:07 assembly component 21/51: V2_BATTERY_PACK
2026-08-07 01:22:08 assembly component 22/51: V2_TORSO_IMU
2026-08-07 01:22:10 assembly component 23/51: M5STACK_STACKCHAN_K151_PURCHASED_HEAD_POD
2026-08-07 01:22:11 assembly component 24/51: STACKCHAN_K151_TORSO_ADAPTER_3MM_6061
2026-08-07 01:22:12 assembly component 25/51: STACKCHAN_K151_FACE_GLASS
2026-08-07 01:22:13 assembly component 26/51: STACKCHAN_K151_CAMERA_WINDOW
2026-08-07 01:22:14 assembly component 27/51: STACKCHAN_K151_SCREEN_EXPRESSION
2026-08-07 01:22:14 assembly component 28/51: S06_STS3250_left_shoulder_yaw
2026-08-07 01:22:15 assembly component 29/51: S03_STS3250_right_shoulder_yaw
2026-08-07 01:22:15 assembly component 30/51: S02_STS3250_left_shoulder_pitch
2026-08-07 01:22:15 assembly component 31/51: S01_STS3250_right_shoulder_pitch
2026-08-07 01:22:16 assembly component 32/51: S10_STS3250_left_elbow_yaw
2026-08-07 01:22:16 assembly component 33/51: S09_STS3250_right_elbow_yaw
2026-08-07 01:22:16 assembly component 34/51: S08_STS3250_left_hip_yaw
2026-08-07 01:22:16 assembly component 35/51: S07_STS3250_right_hip_yaw
2026-08-07 01:22:16 assembly component 36/51: S12_STS3250_left_hip_roll
2026-08-07 01:22:16 assembly component 37/51: S11_STS3250_right_hip_roll
2026-08-07 01:22:16 assembly component 38/51: S05_STS3250_left_hip_pitch
2026-08-07 01:22:16 assembly component 39/51: S04_STS3250_right_hip_pitch
2026-08-07 01:22:16 assembly component 40/51: S14_STS3250_left_knee_pitch
2026-08-07 01:22:16 assembly component 41/51: S13_STS3250_right_knee_pitch
2026-08-07 01:22:16 assembly component 42/51: S16_STS3250_left_ankle_pitch
2026-08-07 01:22:16 assembly component 43/51: S15_STS3250_right_ankle_pitch
2026-08-07 01:22:16 assembly component 44/51: S18_STS3250_left_ankle_roll
2026-08-07 01:22:16 assembly component 45/51: S17_STS3250_right_ankle_roll
2026-08-07 01:22:16 assembly component 46/51: LEFT_ANKLE_ROLL_CARRIER
2026-08-07 01:22:17 assembly component 47/51: LEFT_ANKLE_ROLL_HORN
2026-08-07 01:22:18 assembly component 48/51: LEFT_9MM_LIGHTWEIGHT_SOLE
2026-08-07 01:22:19 assembly component 49/51: RIGHT_ANKLE_ROLL_CARRIER
2026-08-07 01:22:20 assembly component 50/51: RIGHT_ANKLE_ROLL_HORN
2026-08-07 01:22:21 assembly component 51/51: RIGHT_9MM_LIGHTWEIGHT_SOLE
2026-08-07 01:26:09 SolidWorks attached through existing COM local server
2026-08-07 01:26:25 SolidWorks attached through existing COM local server
2026-08-07 01:26:48 SolidWorks attached through existing COM local server
2026-08-07 01:26:49 assembly component 1/51: CARRIER_Z_BOT2_MASTER_BODY_SKELETON
2026-08-07 01:26:50 assembly component 2/51: CARRIER_Z_BOT2_MASTER_SHOULDER2
2026-08-07 01:26:51 assembly component 3/51: CARRIER_Z_BOT2_MASTER_SHOULDER2_2
2026-08-07 01:26:52 assembly component 4/51: CARRIER_3215_1Flange
2026-08-07 01:26:53 assembly component 5/51: CARRIER_3215_1Flange_2
2026-08-07 01:26:54 assembly component 6/51: CARRIER_R_ARM_MIRROR_1
2026-08-07 01:26:55 assembly component 7/51: CARRIER_L_ARM_MIRROR_1
2026-08-07 01:26:56 assembly component 8/51: CARRIER_U_HIP_L
2026-08-07 01:26:57 assembly component 9/51: CARRIER_U_HIP_R
2026-08-07 01:26:58 assembly component 10/51: CARRIER_3215_BothFlange_5
2026-08-07 01:26:59 assembly component 11/51: CARRIER_3215_BothFlange_6
2026-08-07 01:27:00 assembly component 12/51: CARRIER_3215_BothFlange_9
2026-08-07 01:27:01 assembly component 13/51: CARRIER_3215_BothFlange_10
2026-08-07 01:27:02 assembly component 14/51: CARRIER_3215_BothFlange_13
2026-08-07 01:27:02 assembly component 15/51: CARRIER_3215_BothFlange_14
2026-08-07 01:27:03 assembly component 16/51: CARRIER_FOOT
2026-08-07 01:27:04 assembly component 17/51: CARRIER_FOOT_2
2026-08-07 01:27:05 assembly component 18/51: LEFT_Q_HAND
2026-08-07 01:27:07 assembly component 19/51: RIGHT_Q_HAND
2026-08-07 01:27:10 assembly component 20/51: V2_COMPUTE_MODULE
2026-08-07 01:27:11 assembly component 21/51: V2_BATTERY_PACK
2026-08-07 01:27:13 assembly component 22/51: V2_TORSO_IMU
2026-08-07 01:27:15 assembly component 23/51: M5STACK_STACKCHAN_K151_PURCHASED_HEAD_POD
2026-08-07 01:27:16 assembly component 24/51: STACKCHAN_K151_TORSO_ADAPTER_3MM_6061
2026-08-07 01:27:17 assembly component 25/51: STACKCHAN_K151_FACE_GLASS
2026-08-07 01:27:18 assembly component 26/51: STACKCHAN_K151_CAMERA_WINDOW
2026-08-07 01:27:18 assembly component 27/51: STACKCHAN_K151_SCREEN_EXPRESSION
2026-08-07 01:27:19 assembly component 28/51: S06_STS3250_left_shoulder_yaw
2026-08-07 01:27:20 assembly component 29/51: S03_STS3250_right_shoulder_yaw
2026-08-07 01:27:20 assembly component 30/51: S02_STS3250_left_shoulder_pitch
2026-08-07 01:27:20 assembly component 31/51: S01_STS3250_right_shoulder_pitch
2026-08-07 01:27:20 assembly component 32/51: S10_STS3250_left_elbow_yaw
2026-08-07 01:27:20 assembly component 33/51: S09_STS3250_right_elbow_yaw
2026-08-07 01:27:20 assembly component 34/51: S08_STS3250_left_hip_yaw
2026-08-07 01:27:20 assembly component 35/51: S07_STS3250_right_hip_yaw
2026-08-07 01:27:21 assembly component 36/51: S12_STS3250_left_hip_roll
2026-08-07 01:27:21 assembly component 37/51: S11_STS3250_right_hip_roll
2026-08-07 01:27:21 assembly component 38/51: S05_STS3250_left_hip_pitch
2026-08-07 01:27:21 assembly component 39/51: S04_STS3250_right_hip_pitch
2026-08-07 01:27:21 assembly component 40/51: S14_STS3250_left_knee_pitch
2026-08-07 01:27:21 assembly component 41/51: S13_STS3250_right_knee_pitch
2026-08-07 01:27:21 assembly component 42/51: S16_STS3250_left_ankle_pitch
2026-08-07 01:27:21 assembly component 43/51: S15_STS3250_right_ankle_pitch
2026-08-07 01:27:21 assembly component 44/51: S18_STS3250_left_ankle_roll
2026-08-07 01:27:21 assembly component 45/51: S17_STS3250_right_ankle_roll
2026-08-07 01:27:21 assembly component 46/51: LEFT_ANKLE_ROLL_CARRIER
2026-08-07 01:27:22 assembly component 47/51: LEFT_ANKLE_ROLL_HORN
2026-08-07 01:27:23 assembly component 48/51: LEFT_9MM_LIGHTWEIGHT_SOLE
2026-08-07 01:27:24 assembly component 49/51: RIGHT_ANKLE_ROLL_CARRIER
2026-08-07 01:27:25 assembly component 50/51: RIGHT_ANKLE_ROLL_HORN
2026-08-07 01:27:25 assembly component 51/51: RIGHT_9MM_LIGHTWEIGHT_SOLE
2026-08-07 01:31:01 SolidWorks attached through existing COM local server
2026-08-07 01:31:02 assembly component 1/51: CARRIER_Z_BOT2_MASTER_BODY_SKELETON
2026-08-07 01:31:04 assembly component 2/51: CARRIER_Z_BOT2_MASTER_SHOULDER2
2026-08-07 01:31:05 assembly component 3/51: CARRIER_Z_BOT2_MASTER_SHOULDER2_2
2026-08-07 01:31:06 assembly component 4/51: CARRIER_3215_1Flange
2026-08-07 01:31:06 assembly component 5/51: CARRIER_3215_1Flange_2
2026-08-07 01:31:07 assembly component 6/51: CARRIER_R_ARM_MIRROR_1
2026-08-07 01:31:09 assembly component 7/51: CARRIER_L_ARM_MIRROR_1
2026-08-07 01:31:10 assembly component 8/51: CARRIER_U_HIP_L
2026-08-07 01:31:11 assembly component 9/51: CARRIER_U_HIP_R
2026-08-07 01:31:12 assembly component 10/51: CARRIER_3215_BothFlange_5
2026-08-07 01:31:13 assembly component 11/51: CARRIER_3215_BothFlange_6
2026-08-07 01:31:13 assembly component 12/51: CARRIER_3215_BothFlange_9
2026-08-07 01:31:14 assembly component 13/51: CARRIER_3215_BothFlange_10
2026-08-07 01:31:15 assembly component 14/51: CARRIER_3215_BothFlange_13
2026-08-07 01:31:16 assembly component 15/51: CARRIER_3215_BothFlange_14
2026-08-07 01:31:17 assembly component 16/51: CARRIER_FOOT
2026-08-07 01:31:18 assembly component 17/51: CARRIER_FOOT_2
2026-08-07 01:31:19 assembly component 18/51: LEFT_Q_HAND
2026-08-07 01:31:21 assembly component 19/51: RIGHT_Q_HAND
2026-08-07 01:31:24 assembly component 20/51: V2_COMPUTE_MODULE
2026-08-07 01:31:25 assembly component 21/51: V2_BATTERY_PACK
2026-08-07 01:31:27 assembly component 22/51: V2_TORSO_IMU
2026-08-07 01:31:29 assembly component 23/51: M5STACK_STACKCHAN_K151_PURCHASED_HEAD_POD
2026-08-07 01:31:30 assembly component 24/51: STACKCHAN_K151_TORSO_ADAPTER_3MM_6061
2026-08-07 01:31:31 assembly component 25/51: STACKCHAN_K151_FACE_GLASS
2026-08-07 01:31:32 assembly component 26/51: STACKCHAN_K151_CAMERA_WINDOW
2026-08-07 01:31:33 assembly component 27/51: STACKCHAN_K151_SCREEN_EXPRESSION
2026-08-07 01:31:33 assembly component 28/51: S06_STS3250_left_shoulder_yaw
2026-08-07 01:31:34 assembly component 29/51: S03_STS3250_right_shoulder_yaw
2026-08-07 01:31:34 assembly component 30/51: S02_STS3250_left_shoulder_pitch
2026-08-07 01:31:34 assembly component 31/51: S01_STS3250_right_shoulder_pitch
2026-08-07 01:31:34 assembly component 32/51: S10_STS3250_left_elbow_yaw
2026-08-07 01:31:34 assembly component 33/51: S09_STS3250_right_elbow_yaw
2026-08-07 01:31:35 assembly component 34/51: S08_STS3250_left_hip_yaw
2026-08-07 01:31:35 assembly component 35/51: S07_STS3250_right_hip_yaw
2026-08-07 01:31:35 assembly component 36/51: S12_STS3250_left_hip_roll
2026-08-07 01:31:35 assembly component 37/51: S11_STS3250_right_hip_roll
2026-08-07 01:31:35 assembly component 38/51: S05_STS3250_left_hip_pitch
2026-08-07 01:31:35 assembly component 39/51: S04_STS3250_right_hip_pitch
2026-08-07 01:31:35 assembly component 40/51: S14_STS3250_left_knee_pitch
2026-08-07 01:31:35 assembly component 41/51: S13_STS3250_right_knee_pitch
2026-08-07 01:31:35 assembly component 42/51: S16_STS3250_left_ankle_pitch
2026-08-07 01:31:35 assembly component 43/51: S15_STS3250_right_ankle_pitch
2026-08-07 01:31:35 assembly component 44/51: S18_STS3250_left_ankle_roll
2026-08-07 01:31:35 assembly component 45/51: S17_STS3250_right_ankle_roll
2026-08-07 01:31:35 assembly component 46/51: LEFT_ANKLE_ROLL_CARRIER
2026-08-07 01:31:36 assembly component 47/51: LEFT_ANKLE_ROLL_HORN
2026-08-07 01:31:37 assembly component 48/51: LEFT_9MM_LIGHTWEIGHT_SOLE
2026-08-07 01:31:38 assembly component 49/51: RIGHT_ANKLE_ROLL_CARRIER
2026-08-07 01:31:39 assembly component 50/51: RIGHT_ANKLE_ROLL_HORN
2026-08-07 01:31:39 assembly component 51/51: RIGHT_9MM_LIGHTWEIGHT_SOLE
2026-08-07 01:33:22 SolidWorks attached through existing COM local server
2026-08-07 01:33:42 SolidWorks attached through existing COM local server
2026-08-07 01:34:06 SolidWorks attached through existing COM local server
2026-08-07 01:34:07 assembly component 1/51: CARRIER_Z_BOT2_MASTER_BODY_SKELETON
2026-08-07 01:34:08 assembly component 2/51: CARRIER_Z_BOT2_MASTER_SHOULDER2
2026-08-07 01:34:09 assembly component 3/51: CARRIER_Z_BOT2_MASTER_SHOULDER2_2
2026-08-07 01:34:10 assembly component 4/51: CARRIER_3215_1Flange
2026-08-07 01:34:10 assembly component 5/51: CARRIER_3215_1Flange_2
2026-08-07 01:34:11 assembly component 6/51: CARRIER_R_ARM_MIRROR_1
2026-08-07 01:34:13 assembly component 7/51: CARRIER_L_ARM_MIRROR_1
2026-08-07 01:34:14 assembly component 8/51: CARRIER_U_HIP_L
2026-08-07 01:34:15 assembly component 9/51: CARRIER_U_HIP_R
2026-08-07 01:34:16 assembly component 10/51: CARRIER_3215_BothFlange_5
2026-08-07 01:34:17 assembly component 11/51: CARRIER_3215_BothFlange_6
2026-08-07 01:34:17 assembly component 12/51: CARRIER_3215_BothFlange_9
2026-08-07 01:34:18 assembly component 13/51: CARRIER_3215_BothFlange_10
2026-08-07 01:34:19 assembly component 14/51: CARRIER_3215_BothFlange_13
2026-08-07 01:34:20 assembly component 15/51: CARRIER_3215_BothFlange_14
2026-08-07 01:34:21 assembly component 16/51: CARRIER_FOOT
2026-08-07 01:34:22 assembly component 17/51: CARRIER_FOOT_2
2026-08-07 01:34:23 assembly component 18/51: LEFT_Q_HAND
2026-08-07 01:34:25 assembly component 19/51: RIGHT_Q_HAND
2026-08-07 01:34:27 assembly component 20/51: V2_COMPUTE_MODULE
2026-08-07 01:34:29 assembly component 21/51: V2_BATTERY_PACK
2026-08-07 01:34:31 assembly component 22/51: V2_TORSO_IMU
2026-08-07 01:34:33 assembly component 23/51: M5STACK_STACKCHAN_K151_PURCHASED_HEAD_POD
2026-08-07 01:34:34 assembly component 24/51: STACKCHAN_K151_TORSO_ADAPTER_3MM_6061
2026-08-07 01:34:35 assembly component 25/51: STACKCHAN_K151_FACE_GLASS
2026-08-07 01:34:36 assembly component 26/51: STACKCHAN_K151_CAMERA_WINDOW
2026-08-07 01:34:37 assembly component 27/51: STACKCHAN_K151_SCREEN_EXPRESSION
2026-08-07 01:34:37 assembly component 28/51: S06_STS3250_left_shoulder_yaw
2026-08-07 01:34:38 assembly component 29/51: S03_STS3250_right_shoulder_yaw
2026-08-07 01:34:38 assembly component 30/51: S02_STS3250_left_shoulder_pitch
2026-08-07 01:34:38 assembly component 31/51: S01_STS3250_right_shoulder_pitch
2026-08-07 01:34:38 assembly component 32/51: S10_STS3250_left_elbow_yaw
2026-08-07 01:34:38 assembly component 33/51: S09_STS3250_right_elbow_yaw
2026-08-07 01:34:38 assembly component 34/51: S08_STS3250_left_hip_yaw
2026-08-07 01:34:39 assembly component 35/51: S07_STS3250_right_hip_yaw
2026-08-07 01:34:39 assembly component 36/51: S12_STS3250_left_hip_roll
2026-08-07 01:34:39 assembly component 37/51: S11_STS3250_right_hip_roll
2026-08-07 01:34:39 assembly component 38/51: S05_STS3250_left_hip_pitch
2026-08-07 01:34:39 assembly component 39/51: S04_STS3250_right_hip_pitch
2026-08-07 01:34:39 assembly component 40/51: S14_STS3250_left_knee_pitch
2026-08-07 01:34:39 assembly component 41/51: S13_STS3250_right_knee_pitch
2026-08-07 01:34:39 assembly component 42/51: S16_STS3250_left_ankle_pitch
2026-08-07 01:34:39 assembly component 43/51: S15_STS3250_right_ankle_pitch
2026-08-07 01:34:39 assembly component 44/51: S18_STS3250_left_ankle_roll
2026-08-07 01:34:39 assembly component 45/51: S17_STS3250_right_ankle_roll
2026-08-07 01:34:39 assembly component 46/51: LEFT_ANKLE_ROLL_CARRIER
2026-08-07 01:34:40 assembly component 47/51: LEFT_ANKLE_ROLL_HORN
2026-08-07 01:34:41 assembly component 48/51: LEFT_9MM_LIGHTWEIGHT_SOLE
2026-08-07 01:34:42 assembly component 49/51: RIGHT_ANKLE_ROLL_CARRIER
2026-08-07 01:34:43 assembly component 50/51: RIGHT_ANKLE_ROLL_HORN
2026-08-07 01:34:43 assembly component 51/51: RIGHT_9MM_LIGHTWEIGHT_SOLE
2026-08-07 01:36:29 SolidWorks attached through existing COM local server
2026-08-07 01:36:50 SolidWorks attached through existing COM local server
2026-08-07 01:37:07 SolidWorks attached through existing COM local server
2026-08-07 01:37:08 assembly component 1/51: CARRIER_Z_BOT2_MASTER_BODY_SKELETON
2026-08-07 01:37:09 assembly component 2/51: CARRIER_Z_BOT2_MASTER_SHOULDER2
2026-08-07 01:37:10 assembly component 3/51: CARRIER_Z_BOT2_MASTER_SHOULDER2_2
2026-08-07 01:37:11 assembly component 4/51: CARRIER_3215_1Flange
2026-08-07 01:37:12 assembly component 5/51: CARRIER_3215_1Flange_2
2026-08-07 01:37:13 assembly component 6/51: CARRIER_R_ARM_MIRROR_1
2026-08-07 01:37:14 assembly component 7/51: CARRIER_L_ARM_MIRROR_1
2026-08-07 01:37:15 assembly component 8/51: CARRIER_U_HIP_L
2026-08-07 01:37:16 assembly component 9/51: CARRIER_U_HIP_R
2026-08-07 01:37:17 assembly component 10/51: CARRIER_3215_BothFlange_5
2026-08-07 01:37:18 assembly component 11/51: CARRIER_3215_BothFlange_6
2026-08-07 01:37:19 assembly component 12/51: CARRIER_3215_BothFlange_9
2026-08-07 01:37:20 assembly component 13/51: CARRIER_3215_BothFlange_10
2026-08-07 01:37:21 assembly component 14/51: CARRIER_3215_BothFlange_13
2026-08-07 01:37:22 assembly component 15/51: CARRIER_3215_BothFlange_14
2026-08-07 01:37:23 assembly component 16/51: CARRIER_FOOT
2026-08-07 01:37:24 assembly component 17/51: CARRIER_FOOT_2
2026-08-07 01:37:25 assembly component 18/51: LEFT_Q_HAND
2026-08-07 01:37:27 assembly component 19/51: RIGHT_Q_HAND
2026-08-07 01:37:29 assembly component 20/51: V2_COMPUTE_MODULE
2026-08-07 01:37:31 assembly component 21/51: V2_BATTERY_PACK
2026-08-07 01:37:33 assembly component 22/51: V2_TORSO_IMU
2026-08-07 01:37:35 assembly component 23/51: M5STACK_STACKCHAN_K151_PURCHASED_HEAD_POD
2026-08-07 01:37:36 assembly component 24/51: STACKCHAN_K151_TORSO_ADAPTER_3MM_6061
2026-08-07 01:37:36 assembly component 25/51: STACKCHAN_K151_FACE_GLASS
2026-08-07 01:37:37 assembly component 26/51: STACKCHAN_K151_CAMERA_WINDOW
2026-08-07 01:37:38 assembly component 27/51: STACKCHAN_K151_SCREEN_EXPRESSION
2026-08-07 01:37:39 assembly component 28/51: S06_STS3250_left_shoulder_yaw
2026-08-07 01:37:40 assembly component 29/51: S03_STS3250_right_shoulder_yaw
2026-08-07 01:37:40 assembly component 30/51: S02_STS3250_left_shoulder_pitch
2026-08-07 01:37:40 assembly component 31/51: S01_STS3250_right_shoulder_pitch
2026-08-07 01:37:40 assembly component 32/51: S10_STS3250_left_elbow_yaw
2026-08-07 01:37:40 assembly component 33/51: S09_STS3250_right_elbow_yaw
2026-08-07 01:37:40 assembly component 34/51: S08_STS3250_left_hip_yaw
2026-08-07 01:37:40 assembly component 35/51: S07_STS3250_right_hip_yaw
2026-08-07 01:37:40 assembly component 36/51: S12_STS3250_left_hip_roll
2026-08-07 01:37:40 assembly component 37/51: S11_STS3250_right_hip_roll
2026-08-07 01:37:40 assembly component 38/51: S05_STS3250_left_hip_pitch
2026-08-07 01:37:40 assembly component 39/51: S04_STS3250_right_hip_pitch
2026-08-07 01:37:41 assembly component 40/51: S14_STS3250_left_knee_pitch
2026-08-07 01:37:41 assembly component 41/51: S13_STS3250_right_knee_pitch
2026-08-07 01:37:41 assembly component 42/51: S16_STS3250_left_ankle_pitch
2026-08-07 01:37:41 assembly component 43/51: S15_STS3250_right_ankle_pitch
2026-08-07 01:37:41 assembly component 44/51: S18_STS3250_left_ankle_roll
2026-08-07 01:37:41 assembly component 45/51: S17_STS3250_right_ankle_roll
2026-08-07 01:37:41 assembly component 46/51: LEFT_ANKLE_ROLL_CARRIER
2026-08-07 01:37:42 assembly component 47/51: LEFT_ANKLE_ROLL_HORN
2026-08-07 01:37:43 assembly component 48/51: LEFT_9MM_LIGHTWEIGHT_SOLE
2026-08-07 01:37:43 assembly component 49/51: RIGHT_ANKLE_ROLL_CARRIER
2026-08-07 01:37:44 assembly component 50/51: RIGHT_ANKLE_ROLL_HORN
2026-08-07 01:37:45 assembly component 51/51: RIGHT_9MM_LIGHTWEIGHT_SOLE
2026-08-07 02:04:35 SolidWorks attached through existing COM local server
2026-08-07 02:04:37 assembly component 1/51: CARRIER_Z_BOT2_MASTER_BODY_SKELETON
2026-08-07 02:04:38 assembly component 2/51: CARRIER_Z_BOT2_MASTER_SHOULDER2
2026-08-07 02:04:39 assembly component 3/51: CARRIER_Z_BOT2_MASTER_SHOULDER2_2
2026-08-07 02:04:40 assembly component 4/51: CARRIER_3215_1Flange
2026-08-07 02:04:41 assembly component 5/51: CARRIER_3215_1Flange_2
2026-08-07 02:04:42 assembly component 6/51: CARRIER_R_ARM_MIRROR_1
2026-08-07 02:04:43 assembly component 7/51: CARRIER_L_ARM_MIRROR_1
2026-08-07 02:04:45 assembly component 8/51: CARRIER_U_HIP_L
2026-08-07 02:04:46 assembly component 9/51: CARRIER_U_HIP_R
2026-08-07 02:04:47 assembly component 10/51: CARRIER_3215_BothFlange_5
2026-08-07 02:04:47 assembly component 11/51: CARRIER_3215_BothFlange_6
2026-08-07 02:04:48 assembly component 12/51: CARRIER_3215_BothFlange_9
2026-08-07 02:04:49 assembly component 13/51: CARRIER_3215_BothFlange_10
2026-08-07 02:04:50 assembly component 14/51: CARRIER_3215_BothFlange_13
2026-08-07 02:04:51 assembly component 15/51: CARRIER_3215_BothFlange_14
2026-08-07 02:04:52 assembly component 16/51: CARRIER_FOOT
2026-08-07 02:04:53 assembly component 17/51: CARRIER_FOOT_2
2026-08-07 02:04:54 assembly component 18/51: LEFT_Q_HAND
2026-08-07 02:04:56 assembly component 19/51: RIGHT_Q_HAND
2026-08-07 02:04:59 assembly component 20/51: V2_COMPUTE_MODULE
2026-08-07 02:05:01 assembly component 21/51: V2_BATTERY_PACK
2026-08-07 02:05:02 assembly component 22/51: V2_TORSO_IMU
2026-08-07 02:05:04 assembly component 23/51: M5STACK_STACKCHAN_K151_PURCHASED_HEAD_POD
2026-08-07 02:05:05 assembly component 24/51: STACKCHAN_K151_TORSO_ADAPTER_3MM_6061
2026-08-07 02:05:06 assembly component 25/51: STACKCHAN_K151_FACE_GLASS
2026-08-07 02:05:07 assembly component 26/51: STACKCHAN_K151_CAMERA_WINDOW
2026-08-07 02:05:08 assembly component 27/51: STACKCHAN_K151_SCREEN_EXPRESSION
2026-08-07 02:05:09 assembly component 28/51: S06_STS3250_left_shoulder_yaw
2026-08-07 02:05:10 assembly component 29/51: S03_STS3250_right_shoulder_yaw
2026-08-07 02:05:10 assembly component 30/51: S02_STS3250_left_shoulder_pitch
2026-08-07 02:05:10 assembly component 31/51: S01_STS3250_right_shoulder_pitch
2026-08-07 02:05:10 assembly component 32/51: S10_STS3250_left_elbow_yaw
2026-08-07 02:05:10 assembly component 33/51: S09_STS3250_right_elbow_yaw
2026-08-07 02:05:10 assembly component 34/51: S08_STS3250_left_hip_yaw
2026-08-07 02:05:10 assembly component 35/51: S07_STS3250_right_hip_yaw
2026-08-07 02:05:10 assembly component 36/51: S12_STS3250_left_hip_roll
2026-08-07 02:05:10 assembly component 37/51: S11_STS3250_right_hip_roll
2026-08-07 02:05:10 assembly component 38/51: S05_STS3250_left_hip_pitch
2026-08-07 02:05:10 assembly component 39/51: S04_STS3250_right_hip_pitch
2026-08-07 02:05:10 assembly component 40/51: S14_STS3250_left_knee_pitch
2026-08-07 02:05:10 assembly component 41/51: S13_STS3250_right_knee_pitch
2026-08-07 02:05:10 assembly component 42/51: S16_STS3250_left_ankle_pitch
2026-08-07 02:05:11 assembly component 43/51: S15_STS3250_right_ankle_pitch
2026-08-07 02:05:11 assembly component 44/51: S18_STS3250_left_ankle_roll
2026-08-07 02:05:11 assembly component 45/51: S17_STS3250_right_ankle_roll
2026-08-07 02:05:11 assembly component 46/51: LEFT_ANKLE_ROLL_CARRIER
2026-08-07 02:05:12 assembly component 47/51: LEFT_ANKLE_ROLL_HORN
2026-08-07 02:05:13 assembly component 48/51: LEFT_9MM_LIGHTWEIGHT_SOLE
2026-08-07 02:05:13 assembly component 49/51: RIGHT_ANKLE_ROLL_CARRIER
2026-08-07 02:05:14 assembly component 50/51: RIGHT_ANKLE_ROLL_HORN
2026-08-07 02:05:15 assembly component 51/51: RIGHT_9MM_LIGHTWEIGHT_SOLE
2026-08-07 10:06:35 SolidWorks attached through existing COM local server
2026-08-07 10:06:41 SolidWorks attached through existing COM local server
2026-08-07 10:06:45 SolidWorks attached through existing COM local server
2026-08-07 10:06:50 SolidWorks attached through existing COM local server
2026-08-07 10:06:54 SolidWorks attached through existing COM local server
2026-08-07 10:07:17 SolidWorks attached through existing COM local server
2026-08-07 10:07:17 assembly component 1/51: CARRIER_Z_BOT2_MASTER_BODY_SKELETON
2026-08-07 10:07:19 assembly component 2/51: CARRIER_Z_BOT2_MASTER_SHOULDER2
2026-08-07 10:07:20 assembly component 3/51: CARRIER_Z_BOT2_MASTER_SHOULDER2_2
2026-08-07 10:07:21 assembly component 4/51: CARRIER_3215_1Flange
2026-08-07 10:07:22 assembly component 5/51: CARRIER_3215_1Flange_2
2026-08-07 10:07:23 assembly component 6/51: CARRIER_R_ARM_MIRROR_1
2026-08-07 10:07:25 assembly component 7/51: CARRIER_L_ARM_MIRROR_1
2026-08-07 10:07:26 assembly component 8/51: CARRIER_U_HIP_L
2026-08-07 10:07:27 assembly component 9/51: CARRIER_U_HIP_R
2026-08-07 10:07:28 assembly component 10/51: CARRIER_3215_BothFlange_5
2026-08-07 10:07:29 assembly component 11/51: CARRIER_3215_BothFlange_6
2026-08-07 10:07:30 assembly component 12/51: CARRIER_3215_BothFlange_9
2026-08-07 10:07:31 assembly component 13/51: CARRIER_3215_BothFlange_10
2026-08-07 10:07:33 assembly component 14/51: CARRIER_3215_BothFlange_13
2026-08-07 10:07:34 assembly component 15/51: CARRIER_3215_BothFlange_14
2026-08-07 10:07:35 assembly component 16/51: CARRIER_FOOT
2026-08-07 10:07:36 assembly component 17/51: CARRIER_FOOT_2
2026-08-07 10:07:37 assembly component 18/51: LEFT_Q_HAND
2026-08-07 10:07:39 assembly component 19/51: RIGHT_Q_HAND
2026-08-07 10:07:42 assembly component 20/51: V2_COMPUTE_MODULE
2026-08-07 10:07:44 assembly component 21/51: V2_BATTERY_PACK
2026-08-07 10:07:46 assembly component 22/51: V2_TORSO_IMU
2026-08-07 10:07:48 assembly component 23/51: M5STACK_CORES3_K128_PURCHASED_HEAD_MODULE
2026-08-07 10:07:49 assembly component 24/51: CORES3_INTERNAL_TORSO_CRADLE_2MM_6061
2026-08-07 10:07:50 assembly component 25/51: CORES3_FACE_GLASS
2026-08-07 10:07:51 assembly component 26/51: CORES3_CAMERA_WINDOW
2026-08-07 10:07:52 assembly component 27/51: CORES3_SCREEN_EXPRESSION
2026-08-07 10:07:53 assembly component 28/51: S06_STS3250_left_shoulder_yaw
2026-08-07 10:07:54 assembly component 29/51: S03_STS3250_right_shoulder_yaw
2026-08-07 10:07:54 assembly component 30/51: S02_STS3250_left_shoulder_pitch
2026-08-07 10:07:54 assembly component 31/51: S01_STS3250_right_shoulder_pitch
2026-08-07 10:07:54 assembly component 32/51: S10_STS3250_left_elbow_yaw
2026-08-07 10:07:54 assembly component 33/51: S09_STS3250_right_elbow_yaw
2026-08-07 10:07:54 assembly component 34/51: S08_STS3250_left_hip_yaw
2026-08-07 10:07:54 assembly component 35/51: S07_STS3250_right_hip_yaw
2026-08-07 10:07:54 assembly component 36/51: S12_STS3250_left_hip_roll
2026-08-07 10:07:54 assembly component 37/51: S11_STS3250_right_hip_roll
2026-08-07 10:07:54 assembly component 38/51: S05_STS3250_left_hip_pitch
2026-08-07 10:07:55 assembly component 39/51: S04_STS3250_right_hip_pitch
2026-08-07 10:07:55 assembly component 40/51: S14_STS3250_left_knee_pitch
2026-08-07 10:07:55 assembly component 41/51: S13_STS3250_right_knee_pitch
2026-08-07 10:07:55 assembly component 42/51: S16_STS3250_left_ankle_pitch
2026-08-07 10:07:55 assembly component 43/51: S15_STS3250_right_ankle_pitch
2026-08-07 10:07:55 assembly component 44/51: S18_STS3250_left_ankle_roll
2026-08-07 10:07:55 assembly component 45/51: S17_STS3250_right_ankle_roll
2026-08-07 10:07:55 assembly component 46/51: LEFT_ANKLE_ROLL_CARRIER
2026-08-07 10:07:56 assembly component 47/51: LEFT_ANKLE_ROLL_HORN
2026-08-07 10:07:57 assembly component 48/51: LEFT_9MM_LIGHTWEIGHT_SOLE
2026-08-07 10:07:58 assembly component 49/51: RIGHT_ANKLE_ROLL_CARRIER
2026-08-07 10:07:59 assembly component 50/51: RIGHT_ANKLE_ROLL_HORN
2026-08-07 10:08:00 assembly component 51/51: RIGHT_9MM_LIGHTWEIGHT_SOLE
2026-08-07 10:11:59 SolidWorks attached through existing COM local server
2026-08-07 10:12:05 SolidWorks attached through existing COM local server
2026-08-07 10:12:10 SolidWorks attached through existing COM local server
2026-08-07 10:12:11 assembly component 1/51: CARRIER_Z_BOT2_MASTER_BODY_SKELETON
2026-08-07 10:12:12 assembly component 2/51: CARRIER_Z_BOT2_MASTER_SHOULDER2
2026-08-07 10:12:13 assembly component 3/51: CARRIER_Z_BOT2_MASTER_SHOULDER2_2
2026-08-07 10:12:14 assembly component 4/51: CARRIER_3215_1Flange
2026-08-07 10:12:15 assembly component 5/51: CARRIER_3215_1Flange_2
2026-08-07 10:12:16 assembly component 6/51: CARRIER_R_ARM_MIRROR_1
2026-08-07 10:12:18 assembly component 7/51: CARRIER_L_ARM_MIRROR_1
2026-08-07 10:12:19 assembly component 8/51: CARRIER_U_HIP_L
2026-08-07 10:12:20 assembly component 9/51: CARRIER_U_HIP_R
2026-08-07 10:12:22 assembly component 10/51: CARRIER_3215_BothFlange_5
2026-08-07 10:12:23 assembly component 11/51: CARRIER_3215_BothFlange_6
2026-08-07 10:12:24 assembly component 12/51: CARRIER_3215_BothFlange_9
2026-08-07 10:12:25 assembly component 13/51: CARRIER_3215_BothFlange_10
2026-08-07 10:12:26 assembly component 14/51: CARRIER_3215_BothFlange_13
2026-08-07 10:12:27 assembly component 15/51: CARRIER_3215_BothFlange_14
2026-08-07 10:12:28 assembly component 16/51: CARRIER_FOOT
2026-08-07 10:12:30 assembly component 17/51: CARRIER_FOOT_2
2026-08-07 10:12:31 assembly component 18/51: LEFT_Q_HAND
2026-08-07 10:12:33 assembly component 19/51: RIGHT_Q_HAND
2026-08-07 10:12:36 assembly component 20/51: V2_COMPUTE_MODULE
2026-08-07 10:12:37 assembly component 21/51: V2_BATTERY_PACK
2026-08-07 10:12:40 assembly component 22/51: V2_TORSO_IMU
2026-08-07 10:12:42 assembly component 23/51: M5STACK_CORES3_K128_PURCHASED_HEAD_MODULE
2026-08-07 10:12:43 assembly component 24/51: CORES3_INTERNAL_TORSO_CRADLE_2MM_6061
2026-08-07 10:12:44 assembly component 25/51: CORES3_FACE_GLASS
2026-08-07 10:12:45 assembly component 26/51: CORES3_CAMERA_WINDOW
2026-08-07 10:12:46 assembly component 27/51: CORES3_SCREEN_EXPRESSION
2026-08-07 10:12:47 assembly component 28/51: S06_STS3250_left_shoulder_yaw
2026-08-07 10:12:48 assembly component 29/51: S03_STS3250_right_shoulder_yaw
2026-08-07 10:12:48 assembly component 30/51: S02_STS3250_left_shoulder_pitch
2026-08-07 10:12:48 assembly component 31/51: S01_STS3250_right_shoulder_pitch
2026-08-07 10:12:48 assembly component 32/51: S10_STS3250_left_elbow_yaw
2026-08-07 10:12:48 assembly component 33/51: S09_STS3250_right_elbow_yaw
2026-08-07 10:12:48 assembly component 34/51: S08_STS3250_left_hip_yaw
2026-08-07 10:12:48 assembly component 35/51: S07_STS3250_right_hip_yaw
2026-08-07 10:12:48 assembly component 36/51: S12_STS3250_left_hip_roll
2026-08-07 10:12:49 assembly component 37/51: S11_STS3250_right_hip_roll
2026-08-07 10:12:49 assembly component 38/51: S05_STS3250_left_hip_pitch
2026-08-07 10:12:49 assembly component 39/51: S04_STS3250_right_hip_pitch
2026-08-07 10:12:49 assembly component 40/51: S14_STS3250_left_knee_pitch
2026-08-07 10:12:49 assembly component 41/51: S13_STS3250_right_knee_pitch
2026-08-07 10:12:49 assembly component 42/51: S16_STS3250_left_ankle_pitch
2026-08-07 10:12:49 assembly component 43/51: S15_STS3250_right_ankle_pitch
2026-08-07 10:12:49 assembly component 44/51: S18_STS3250_left_ankle_roll
2026-08-07 10:12:49 assembly component 45/51: S17_STS3250_right_ankle_roll
2026-08-07 10:12:49 assembly component 46/51: LEFT_ANKLE_ROLL_CARRIER
2026-08-07 10:12:50 assembly component 47/51: LEFT_ANKLE_ROLL_HORN
2026-08-07 10:12:51 assembly component 48/51: LEFT_9MM_LIGHTWEIGHT_SOLE
2026-08-07 10:12:53 assembly component 49/51: RIGHT_ANKLE_ROLL_CARRIER
2026-08-07 10:12:54 assembly component 50/51: RIGHT_ANKLE_ROLL_HORN
2026-08-07 10:12:55 assembly component 51/51: RIGHT_9MM_LIGHTWEIGHT_SOLE
2026-08-07 10:38:14 SolidWorks attached through existing COM local server
2026-08-07 10:38:38 SolidWorks attached through existing COM local server
2026-08-07 10:38:43 SolidWorks attached through existing COM local server
2026-08-07 10:39:00 SolidWorks attached through existing COM local server
2026-08-07 10:39:01 assembly component 1/51: CARRIER_Z_BOT2_MASTER_BODY_SKELETON
2026-08-07 10:39:02 assembly component 2/51: CARRIER_Z_BOT2_MASTER_SHOULDER2
2026-08-07 10:39:03 assembly component 3/51: CARRIER_Z_BOT2_MASTER_SHOULDER2_2
2026-08-07 10:39:04 assembly component 4/51: CARRIER_3215_1Flange
2026-08-07 10:39:05 assembly component 5/51: CARRIER_3215_1Flange_2
2026-08-07 10:39:07 assembly component 6/51: CARRIER_R_ARM_MIRROR_1
2026-08-07 10:39:08 assembly component 7/51: CARRIER_L_ARM_MIRROR_1
2026-08-07 10:39:10 assembly component 8/51: CARRIER_U_HIP_L
2026-08-07 10:39:11 assembly component 9/51: CARRIER_U_HIP_R
2026-08-07 10:39:12 assembly component 10/51: CARRIER_3215_BothFlange_5
2026-08-07 10:39:13 assembly component 11/51: CARRIER_3215_BothFlange_6
2026-08-07 10:39:14 assembly component 12/51: CARRIER_3215_BothFlange_9
2026-08-07 10:39:15 assembly component 13/51: CARRIER_3215_BothFlange_10
2026-08-07 10:39:16 assembly component 14/51: CARRIER_3215_BothFlange_13
2026-08-07 10:39:18 assembly component 15/51: CARRIER_3215_BothFlange_14
2026-08-07 10:39:19 assembly component 16/51: CARRIER_FOOT
2026-08-07 10:39:20 assembly component 17/51: CARRIER_FOOT_2
2026-08-07 10:39:21 assembly component 18/51: LEFT_Q_HAND
2026-08-07 10:39:23 assembly component 19/51: RIGHT_Q_HAND
2026-08-07 10:39:26 assembly component 20/51: V2_COMPUTE_MODULE
2026-08-07 10:39:28 assembly component 21/51: V2_BATTERY_PACK
2026-08-07 10:39:30 assembly component 22/51: V2_TORSO_IMU
2026-08-07 10:39:32 assembly component 23/51: M5STACK_CORES3_K128_PURCHASED_HEAD_MODULE
2026-08-07 10:39:33 assembly component 24/51: CORES3_INTERNAL_TORSO_CRADLE_2MM_6061
2026-08-07 10:39:34 assembly component 25/51: CORES3_FACE_GLASS
2026-08-07 10:39:35 assembly component 26/51: CORES3_CAMERA_WINDOW
2026-08-07 10:39:36 assembly component 27/51: CORES3_SCREEN_EXPRESSION
2026-08-07 10:39:37 assembly component 28/51: S06_STS3250_left_shoulder_yaw
2026-08-07 10:39:38 assembly component 29/51: S03_STS3250_right_shoulder_yaw
2026-08-07 10:39:38 assembly component 30/51: S02_STS3250_left_shoulder_pitch
2026-08-07 10:39:38 assembly component 31/51: S01_STS3250_right_shoulder_pitch
2026-08-07 10:39:38 assembly component 32/51: S10_STS3250_left_elbow_yaw
2026-08-07 10:39:38 assembly component 33/51: S09_STS3250_right_elbow_yaw
2026-08-07 10:39:39 assembly component 34/51: S08_STS3250_left_hip_yaw
2026-08-07 10:39:39 assembly component 35/51: S07_STS3250_right_hip_yaw
2026-08-07 10:39:39 assembly component 36/51: S12_STS3250_left_hip_roll
2026-08-07 10:39:39 assembly component 37/51: S11_STS3250_right_hip_roll
2026-08-07 10:39:39 assembly component 38/51: S05_STS3250_left_hip_pitch
2026-08-07 10:39:39 assembly component 39/51: S04_STS3250_right_hip_pitch
2026-08-07 10:39:39 assembly component 40/51: S14_STS3250_left_knee_pitch
2026-08-07 10:39:39 assembly component 41/51: S13_STS3250_right_knee_pitch
2026-08-07 10:39:39 assembly component 42/51: S16_STS3250_left_ankle_pitch
2026-08-07 10:39:39 assembly component 43/51: S15_STS3250_right_ankle_pitch
2026-08-07 10:39:39 assembly component 44/51: S18_STS3250_left_ankle_roll
2026-08-07 10:39:39 assembly component 45/51: S17_STS3250_right_ankle_roll
2026-08-07 10:39:39 assembly component 46/51: LEFT_ANKLE_ROLL_CARRIER
2026-08-07 10:39:40 assembly component 47/51: LEFT_ANKLE_ROLL_HORN
2026-08-07 10:39:42 assembly component 48/51: LEFT_9MM_LIGHTWEIGHT_SOLE
2026-08-07 10:39:43 assembly component 49/51: RIGHT_ANKLE_ROLL_CARRIER
2026-08-07 10:39:44 assembly component 50/51: RIGHT_ANKLE_ROLL_HORN
2026-08-07 10:39:45 assembly component 51/51: RIGHT_9MM_LIGHTWEIGHT_SOLE
2026-08-07 20:26:33 SolidWorks attached through existing COM local server
2026-08-07 20:27:01 SolidWorks attached through existing COM local server
2026-08-07 20:27:23 SolidWorks attached through existing COM local server
2026-08-07 20:27:51 SolidWorks attached through existing COM local server
2026-08-07 20:28:14 SolidWorks attached through existing COM local server
2026-08-07 20:28:15 assembly component 1/51: CARRIER_Z_BOT2_MASTER_BODY_SKELETON
2026-08-07 20:28:17 assembly component 2/51: CARRIER_Z_BOT2_MASTER_SHOULDER2
2026-08-07 20:28:18 assembly component 3/51: CARRIER_Z_BOT2_MASTER_SHOULDER2_2
2026-08-07 20:28:19 assembly component 4/51: CARRIER_3215_1Flange
2026-08-07 20:28:21 assembly component 5/51: CARRIER_3215_1Flange_2
2026-08-07 20:28:23 assembly component 6/51: CARRIER_R_ARM_MIRROR_1
2026-08-07 20:28:25 assembly component 7/51: CARRIER_L_ARM_MIRROR_1
2026-08-07 20:28:27 assembly component 8/51: CARRIER_U_HIP_L
2026-08-07 20:28:29 assembly component 9/51: CARRIER_U_HIP_R
2026-08-07 20:28:31 assembly component 10/51: CARRIER_3215_BothFlange_5
2026-08-07 20:28:32 assembly component 11/51: CARRIER_3215_BothFlange_6
2026-08-07 20:28:34 assembly component 12/51: CARRIER_3215_BothFlange_9
2026-08-07 20:28:36 assembly component 13/51: CARRIER_3215_BothFlange_10
2026-08-07 20:28:37 assembly component 14/51: CARRIER_3215_BothFlange_13
2026-08-07 20:28:39 assembly component 15/51: CARRIER_3215_BothFlange_14
2026-08-07 20:28:41 assembly component 16/51: CARRIER_FOOT
2026-08-07 20:28:42 assembly component 17/51: CARRIER_FOOT_2
2026-08-07 20:28:44 assembly component 18/51: LEFT_Q_HAND
2026-08-07 20:28:48 assembly component 19/51: RIGHT_Q_HAND
2026-08-07 20:28:52 assembly component 20/51: V2_COMPUTE_MODULE
2026-08-07 20:28:55 assembly component 21/51: V2_BATTERY_PACK
2026-08-07 20:28:58 assembly component 22/51: V2_TORSO_IMU
2026-08-07 20:29:01 assembly component 23/51: M5STACK_CORES3_K128_PURCHASED_HEAD_MODULE
2026-08-07 20:29:03 assembly component 24/51: CORES3_INTERNAL_TORSO_CRADLE_2MM_6061
2026-08-07 20:29:05 assembly component 25/51: CORES3_FACE_GLASS
2026-08-07 20:29:06 assembly component 26/51: CORES3_CAMERA_WINDOW
2026-08-07 20:29:08 assembly component 27/51: CORES3_SCREEN_EXPRESSION
2026-08-07 20:29:09 assembly component 28/51: S06_STS3250_left_shoulder_yaw
2026-08-07 20:29:11 assembly component 29/51: S03_STS3250_right_shoulder_yaw
2026-08-07 20:29:11 assembly component 30/51: S02_STS3250_left_shoulder_pitch
2026-08-07 20:29:11 assembly component 31/51: S01_STS3250_right_shoulder_pitch
2026-08-07 20:29:11 assembly component 32/51: S10_STS3250_left_elbow_yaw
2026-08-07 20:29:11 assembly component 33/51: S09_STS3250_right_elbow_yaw
2026-08-07 20:29:11 assembly component 34/51: S08_STS3250_left_hip_yaw
2026-08-07 20:29:11 assembly component 35/51: S07_STS3250_right_hip_yaw
2026-08-07 20:29:11 assembly component 36/51: S12_STS3250_left_hip_roll
2026-08-07 20:29:11 assembly component 37/51: S11_STS3250_right_hip_roll
2026-08-07 20:29:11 assembly component 38/51: S05_STS3250_left_hip_pitch
2026-08-07 20:29:12 assembly component 39/51: S04_STS3250_right_hip_pitch
2026-08-07 20:29:12 assembly component 40/51: S14_STS3250_left_knee_pitch
2026-08-07 20:29:12 assembly component 41/51: S13_STS3250_right_knee_pitch
2026-08-07 20:29:12 assembly component 42/51: S16_STS3250_left_ankle_pitch
2026-08-07 20:29:12 assembly component 43/51: S15_STS3250_right_ankle_pitch
2026-08-07 20:29:12 assembly component 44/51: S18_STS3250_left_ankle_roll
2026-08-07 20:29:12 assembly component 45/51: S17_STS3250_right_ankle_roll
2026-08-07 20:29:12 assembly component 46/51: LEFT_ANKLE_ROLL_CARRIER
2026-08-07 20:29:14 assembly component 47/51: LEFT_ANKLE_ROLL_HORN
2026-08-07 20:29:16 assembly component 48/51: LEFT_7MM_LIGHTWEIGHT_SOLE
2026-08-07 20:29:17 assembly component 49/51: RIGHT_ANKLE_ROLL_CARRIER
2026-08-07 20:29:19 assembly component 50/51: RIGHT_ANKLE_ROLL_HORN
2026-08-07 20:29:20 assembly component 51/51: RIGHT_7MM_LIGHTWEIGHT_SOLE
2026-08-07 20:41:39 SolidWorks attached through existing COM local server
2026-08-07 20:42:41 SolidWorks attached through existing COM local server
2026-08-07 20:42:42 assembly component 1/51: CARRIER_Z_BOT2_MASTER_BODY_SKELETON
2026-08-07 20:42:43 assembly component 2/51: CARRIER_Z_BOT2_MASTER_SHOULDER2
2026-08-07 20:42:45 assembly component 3/51: CARRIER_Z_BOT2_MASTER_SHOULDER2_2
2026-08-07 20:42:46 assembly component 4/51: CARRIER_3215_1Flange
2026-08-07 20:42:48 assembly component 5/51: CARRIER_3215_1Flange_2
2026-08-07 20:42:49 assembly component 6/51: CARRIER_R_ARM_MIRROR_1
2026-08-07 20:42:52 assembly component 7/51: CARRIER_L_ARM_MIRROR_1
2026-08-07 20:42:54 assembly component 8/51: CARRIER_U_HIP_L
2026-08-07 20:42:56 assembly component 9/51: CARRIER_U_HIP_R
2026-08-07 20:42:57 assembly component 10/51: CARRIER_3215_BothFlange_5
2026-08-07 20:42:59 assembly component 11/51: CARRIER_3215_BothFlange_6
2026-08-07 20:43:01 assembly component 12/51: CARRIER_3215_BothFlange_9
2026-08-07 20:43:02 assembly component 13/51: CARRIER_3215_BothFlange_10
2026-08-07 20:43:04 assembly component 14/51: CARRIER_3215_BothFlange_13
2026-08-07 20:43:06 assembly component 15/51: CARRIER_3215_BothFlange_14
2026-08-07 20:43:07 assembly component 16/51: CARRIER_FOOT
2026-08-07 20:43:09 assembly component 17/51: CARRIER_FOOT_2
2026-08-07 20:43:11 assembly component 18/51: LEFT_Q_HAND
2026-08-07 20:43:15 assembly component 19/51: RIGHT_Q_HAND
2026-08-07 20:43:18 assembly component 20/51: V2_COMPUTE_MODULE
2026-08-07 20:43:21 assembly component 21/51: V2_BATTERY_PACK
2026-08-07 20:43:25 assembly component 22/51: V2_TORSO_IMU
2026-08-07 20:43:28 assembly component 23/51: M5STACK_CORES3_K128_PURCHASED_HEAD_MODULE
2026-08-07 20:43:29 assembly component 24/51: CORES3_INTERNAL_TORSO_CRADLE_2MM_6061
2026-08-07 20:43:31 assembly component 25/51: CORES3_FACE_GLASS
2026-08-07 20:43:33 assembly component 26/51: CORES3_CAMERA_WINDOW
2026-08-07 20:43:34 assembly component 27/51: CORES3_SCREEN_EXPRESSION
2026-08-07 20:43:36 assembly component 28/51: S06_STS3250_left_shoulder_yaw
2026-08-07 20:43:37 assembly component 29/51: S03_STS3250_right_shoulder_yaw
2026-08-07 20:43:37 assembly component 30/51: S02_STS3250_left_shoulder_pitch
2026-08-07 20:43:37 assembly component 31/51: S01_STS3250_right_shoulder_pitch
2026-08-07 20:43:37 assembly component 32/51: S10_STS3250_left_elbow_yaw
2026-08-07 20:43:37 assembly component 33/51: S09_STS3250_right_elbow_yaw
2026-08-07 20:43:38 assembly component 34/51: S08_STS3250_left_hip_yaw
2026-08-07 20:43:38 assembly component 35/51: S07_STS3250_right_hip_yaw
2026-08-07 20:43:38 assembly component 36/51: S12_STS3250_left_hip_roll
2026-08-07 20:43:38 assembly component 37/51: S11_STS3250_right_hip_roll
2026-08-07 20:43:38 assembly component 38/51: S05_STS3250_left_hip_pitch
2026-08-07 20:43:38 assembly component 39/51: S04_STS3250_right_hip_pitch
2026-08-07 20:43:38 assembly component 40/51: S14_STS3250_left_knee_pitch
2026-08-07 20:43:38 assembly component 41/51: S13_STS3250_right_knee_pitch
2026-08-07 20:43:39 assembly component 42/51: S16_STS3250_left_ankle_pitch
2026-08-07 20:43:39 assembly component 43/51: S15_STS3250_right_ankle_pitch
2026-08-07 20:43:39 assembly component 44/51: S18_STS3250_left_ankle_roll
2026-08-07 20:43:39 assembly component 45/51: S17_STS3250_right_ankle_roll
2026-08-07 20:43:39 assembly component 46/51: LEFT_ANKLE_ROLL_CARRIER
2026-08-07 20:43:41 assembly component 47/51: LEFT_ANKLE_ROLL_HORN
2026-08-07 20:43:42 assembly component 48/51: LEFT_7MM_LIGHTWEIGHT_SOLE
2026-08-07 20:43:44 assembly component 49/51: RIGHT_ANKLE_ROLL_CARRIER
2026-08-07 20:43:45 assembly component 50/51: RIGHT_ANKLE_ROLL_HORN
2026-08-07 20:43:47 assembly component 51/51: RIGHT_7MM_LIGHTWEIGHT_SOLE
2026-08-07 20:48:02 SolidWorks attached through existing COM local server
2026-08-07 20:48:52 SolidWorks attached through existing COM local server
2026-08-07 20:48:53 assembly component 1/51: CARRIER_Z_BOT2_MASTER_BODY_SKELETON
2026-08-07 20:48:55 assembly component 2/51: CARRIER_Z_BOT2_MASTER_SHOULDER2
2026-08-07 20:48:56 assembly component 3/51: CARRIER_Z_BOT2_MASTER_SHOULDER2_2
2026-08-07 20:48:57 assembly component 4/51: CARRIER_3215_1Flange
2026-08-07 20:48:59 assembly component 5/51: CARRIER_3215_1Flange_2
2026-08-07 20:49:01 assembly component 6/51: CARRIER_R_ARM_MIRROR_1
2026-08-07 20:49:03 assembly component 7/51: CARRIER_L_ARM_MIRROR_1
2026-08-07 20:49:06 assembly component 8/51: CARRIER_U_HIP_L
2026-08-07 20:49:07 assembly component 9/51: CARRIER_U_HIP_R
2026-08-07 20:49:09 assembly component 10/51: CARRIER_3215_BothFlange_5
2026-08-07 20:49:11 assembly component 11/51: CARRIER_3215_BothFlange_6
2026-08-07 20:49:12 assembly component 12/51: CARRIER_3215_BothFlange_9
2026-08-07 20:49:14 assembly component 13/51: CARRIER_3215_BothFlange_10
2026-08-07 20:49:16 assembly component 14/51: CARRIER_3215_BothFlange_13
2026-08-07 20:49:18 assembly component 15/51: CARRIER_3215_BothFlange_14
2026-08-07 20:49:19 assembly component 16/51: CARRIER_FOOT
2026-08-07 20:49:21 assembly component 17/51: CARRIER_FOOT_2
2026-08-07 20:49:23 assembly component 18/51: LEFT_Q_HAND
2026-08-07 20:49:26 assembly component 19/51: RIGHT_Q_HAND
2026-08-07 20:49:30 assembly component 20/51: V2_COMPUTE_MODULE
2026-08-07 20:49:33 assembly component 21/51: V2_BATTERY_PACK
2026-08-07 20:49:36 assembly component 22/51: V2_TORSO_IMU
2026-08-07 20:49:40 assembly component 23/51: M5STACK_CORES3_K128_PURCHASED_HEAD_MODULE
2026-08-07 20:49:41 assembly component 24/51: CORES3_INTERNAL_TORSO_CRADLE_2MM_6061
2026-08-07 20:49:43 assembly component 25/51: CORES3_FACE_GLASS
2026-08-07 20:49:44 assembly component 26/51: CORES3_CAMERA_WINDOW
2026-08-07 20:49:46 assembly component 27/51: CORES3_SCREEN_EXPRESSION
2026-08-07 20:49:48 assembly component 28/51: S06_STS3250_left_shoulder_yaw
2026-08-07 20:49:49 assembly component 29/51: S03_STS3250_right_shoulder_yaw
2026-08-07 20:49:49 assembly component 30/51: S02_STS3250_left_shoulder_pitch
2026-08-07 20:49:49 assembly component 31/51: S01_STS3250_right_shoulder_pitch
2026-08-07 20:49:49 assembly component 32/51: S10_STS3250_left_elbow_yaw
2026-08-07 20:49:50 assembly component 33/51: S09_STS3250_right_elbow_yaw
2026-08-07 20:49:50 assembly component 34/51: S08_STS3250_left_hip_yaw
2026-08-07 20:49:50 assembly component 35/51: S07_STS3250_right_hip_yaw
2026-08-07 20:49:50 assembly component 36/51: S12_STS3250_left_hip_roll
2026-08-07 20:49:50 assembly component 37/51: S11_STS3250_right_hip_roll
2026-08-07 20:49:50 assembly component 38/51: S05_STS3250_left_hip_pitch
2026-08-07 20:49:50 assembly component 39/51: S04_STS3250_right_hip_pitch
2026-08-07 20:49:50 assembly component 40/51: S14_STS3250_left_knee_pitch
2026-08-07 20:49:51 assembly component 41/51: S13_STS3250_right_knee_pitch
2026-08-07 20:49:51 assembly component 42/51: S16_STS3250_left_ankle_pitch
2026-08-07 20:49:51 assembly component 43/51: S15_STS3250_right_ankle_pitch
2026-08-07 20:49:51 assembly component 44/51: S18_STS3250_left_ankle_roll
2026-08-07 20:49:51 assembly component 45/51: S17_STS3250_right_ankle_roll
2026-08-07 20:49:51 assembly component 46/51: LEFT_ANKLE_ROLL_CARRIER
2026-08-07 20:49:53 assembly component 47/51: LEFT_ANKLE_ROLL_HORN
2026-08-07 20:49:54 assembly component 48/51: LEFT_7MM_LIGHTWEIGHT_SOLE
2026-08-07 20:49:56 assembly component 49/51: RIGHT_ANKLE_ROLL_CARRIER
2026-08-07 20:49:58 assembly component 50/51: RIGHT_ANKLE_ROLL_HORN
2026-08-07 20:49:59 assembly component 51/51: RIGHT_7MM_LIGHTWEIGHT_SOLE
2026-08-07 20:56:53 SolidWorks attached through existing COM local server
2026-08-07 20:57:55 SolidWorks attached through existing COM local server
2026-08-07 20:57:56 assembly component 1/51: CARRIER_Z_BOT2_MASTER_BODY_SKELETON
2026-08-07 20:57:57 assembly component 2/51: CARRIER_Z_BOT2_MASTER_SHOULDER2
2026-08-07 20:57:59 assembly component 3/51: CARRIER_Z_BOT2_MASTER_SHOULDER2_2
2026-08-07 20:58:00 assembly component 4/51: CARRIER_3215_1Flange
2026-08-07 20:58:02 assembly component 5/51: CARRIER_3215_1Flange_2
2026-08-07 20:58:04 assembly component 6/51: CARRIER_R_ARM_MIRROR_1
2026-08-07 20:58:06 assembly component 7/51: CARRIER_L_ARM_MIRROR_1
2026-08-07 20:58:09 assembly component 8/51: CARRIER_U_HIP_L
2026-08-07 20:58:10 assembly component 9/51: CARRIER_U_HIP_R
2026-08-07 20:58:12 assembly component 10/51: CARRIER_3215_BothFlange_5
2026-08-07 20:58:14 assembly component 11/51: CARRIER_3215_BothFlange_6
2026-08-07 20:58:15 assembly component 12/51: CARRIER_3215_BothFlange_9
2026-08-07 20:58:17 assembly component 13/51: CARRIER_3215_BothFlange_10
2026-08-07 20:58:19 assembly component 14/51: CARRIER_3215_BothFlange_13
2026-08-07 20:58:21 assembly component 15/51: CARRIER_3215_BothFlange_14
2026-08-07 20:58:22 assembly component 16/51: CARRIER_FOOT
2026-08-07 20:58:24 assembly component 17/51: CARRIER_FOOT_2
2026-08-07 20:58:26 assembly component 18/51: LEFT_Q_HAND
2026-08-07 20:58:30 assembly component 19/51: RIGHT_Q_HAND
2026-08-07 20:58:33 assembly component 20/51: V2_COMPUTE_MODULE
2026-08-07 20:58:36 assembly component 21/51: V2_BATTERY_PACK
2026-08-07 20:58:39 assembly component 22/51: V2_TORSO_IMU
2026-08-07 20:58:43 assembly component 23/51: M5STACK_CORES3_K128_PURCHASED_HEAD_MODULE
2026-08-07 20:58:44 assembly component 24/51: CORES3_INTERNAL_TORSO_CRADLE_2MM_6061
2026-08-07 20:58:46 assembly component 25/51: CORES3_FACE_GLASS
2026-08-07 20:58:48 assembly component 26/51: CORES3_CAMERA_WINDOW
2026-08-07 20:58:49 assembly component 27/51: CORES3_SCREEN_EXPRESSION
2026-08-07 20:58:51 assembly component 28/51: S06_STS3250_left_shoulder_yaw
2026-08-07 20:58:52 assembly component 29/51: S03_STS3250_right_shoulder_yaw
2026-08-07 20:58:52 assembly component 30/51: S02_STS3250_left_shoulder_pitch
2026-08-07 20:58:52 assembly component 31/51: S01_STS3250_right_shoulder_pitch
2026-08-07 20:58:52 assembly component 32/51: S10_STS3250_left_elbow_yaw
2026-08-07 20:58:52 assembly component 33/51: S09_STS3250_right_elbow_yaw
2026-08-07 20:58:53 assembly component 34/51: S08_STS3250_left_hip_yaw
2026-08-07 20:58:53 assembly component 35/51: S07_STS3250_right_hip_yaw
2026-08-07 20:58:53 assembly component 36/51: S12_STS3250_left_hip_roll
2026-08-07 20:58:53 assembly component 37/51: S11_STS3250_right_hip_roll
2026-08-07 20:58:53 assembly component 38/51: S05_STS3250_left_hip_pitch
2026-08-07 20:58:53 assembly component 39/51: S04_STS3250_right_hip_pitch
2026-08-07 20:58:53 assembly component 40/51: S14_STS3250_left_knee_pitch
2026-08-07 20:58:53 assembly component 41/51: S13_STS3250_right_knee_pitch
2026-08-07 20:58:53 assembly component 42/51: S16_STS3250_left_ankle_pitch
2026-08-07 20:58:53 assembly component 43/51: S15_STS3250_right_ankle_pitch
2026-08-07 20:58:54 assembly component 44/51: S18_STS3250_left_ankle_roll
2026-08-07 20:58:54 assembly component 45/51: S17_STS3250_right_ankle_roll
2026-08-07 20:58:54 assembly component 46/51: LEFT_ANKLE_ROLL_CARRIER
2026-08-07 20:58:55 assembly component 47/51: LEFT_ANKLE_ROLL_HORN
2026-08-07 20:58:57 assembly component 48/51: LEFT_7MM_LIGHTWEIGHT_SOLE
2026-08-07 20:58:59 assembly component 49/51: RIGHT_ANKLE_ROLL_CARRIER
2026-08-07 20:59:00 assembly component 50/51: RIGHT_ANKLE_ROLL_HORN
2026-08-07 20:59:02 assembly component 51/51: RIGHT_7MM_LIGHTWEIGHT_SOLE
